test_full_bytes_no_mask (__main__.ComparisonTests.test_full_bytes_no_mask) ... FAIL

======================================================================
FAIL: test_full_bytes_no_mask (__main__.ComparisonTests.test_full_bytes_no_mask)
----------------------------------------------------------------------
Traceback (most recent call last):
  File "/root/imdworks-work/escrow-provenance/test_helpers.py", line 7, in test_full_bytes_no_mask
    helper = importlib.import_module('verifier')
             ^^^^^^^^^^^^^^^^^^^^^^^^^^^^^^^^^^^
  File "/usr/lib/python3.12/importlib/__init__.py", line 90, in import_module
    return _bootstrap._gcd_import(name[level:], package, level)
           ^^^^^^^^^^^^^^^^^^^^^^^^^^^^^^^^^^^^^^^^^^^^^^^^^^^^
  File "<frozen importlib._bootstrap>", line 1387, in _gcd_import
  File "<frozen importlib._bootstrap>", line 1360, in _find_and_load
  File "<frozen importlib._bootstrap>", line 1324, in _find_and_load_unlocked
ModuleNotFoundError: No module named 'verifier'

During handling of the above exception, another exception occurred:

Traceback (most recent call last):
  File "/root/imdworks-work/escrow-provenance/test_helpers.py", line 9, in test_full_bytes_no_mask
    self.fail('comparison helper not implemented')
AssertionError: comparison helper not implemented

----------------------------------------------------------------------
Ran 1 test in 0.004s

FAILED (failures=1)

EXIT=1
